******************************************************************************
             TMS320C2000 Linker PC v6.4.6                      
******************************************************************************
>> Linked Fri Apr 22 13:23:04 2016

OUTPUT FILE NAME:   <Example_2806xEPwmUpAQ.out>
ENTRY POINT SYMBOL: "code_start"  address: 00000000


MEMORY CONFIGURATION

         name            origin    length      used     unused   attr    fill
----------------------  --------  ---------  --------  --------  ----  --------
PAGE 0:
  BEGIN                 00000000   00000002  00000002  00000000  RWIX
  RAMM0                 00000050   000003b0  00000352  0000005e  RWIX
  RAML0_L3              00008000   00002000  00000cca  00001336  RWIX
  FPUTABLES             003fd860   000006a0  00000000  000006a0  RWIX
  IQTABLES              003fdf00   00000b50  00000000  00000b50  RWIX
  IQTABLES2             003fea50   0000008c  00000000  0000008c  RWIX
  IQTABLES3             003feadc   000000aa  00000000  000000aa  RWIX
  BOOTROM               003ff3b0   00000c10  00000000  00000c10  RWIX
  RESET                 003fffc0   00000002  00000000  00000002  RWIX

PAGE 1:
  BOOT_RSVD             00000002   0000004e  00000000  0000004e  RWIX
  RAMM1                 00000400   00000400  00000200  00000200  RWIX
  DEV_EMU               00000880   00000105  00000004  00000101  RWIX
  SYS_PWR_CTL           00000985   00000003  00000003  00000000  RWIX
  FLASH_REGS            00000a80   00000060  00000008  00000058  RWIX
  CSM                   00000ae0   00000020  00000010  00000010  RWIX
  ADC_RESULT            00000b00   00000020  00000010  00000010  RWIX
  CPU_TIMER0            00000c00   00000008  00000008  00000000  RWIX
  CPU_TIMER1            00000c08   00000008  00000008  00000000  RWIX
  CPU_TIMER2            00000c10   00000008  00000008  00000000  RWIX
  PIE_CTRL              00000ce0   00000020  0000001a  00000006  RWIX
  PIE_VECT              00000d00   00000100  00000100  00000000  RWIX
  DMA                   00001000   00000200  000000e0  00000120  RWIX
  CLA1                  00001400   00000080  00000040  00000040  RWIX
  USB0                  00004000   00001000  00000454  00000bac  RWIX
  McBSPA                00005000   00000040  00000024  0000001c  RWIX
  ECANA                 00006000   00000040  00000034  0000000c  RWIX
  ECANA_LAM             00006040   00000040  00000040  00000000  RWIX
  ECANA_MOTS            00006080   00000040  00000040  00000000  RWIX
  ECANA_MOTO            000060c0   00000040  00000040  00000000  RWIX
  ECANA_MBOX            00006100   00000100  00000100  00000000  RWIX
  COMP1                 00006400   00000020  00000014  0000000c  RWIX
  COMP2                 00006420   00000020  00000014  0000000c  RWIX
  COMP3                 00006440   00000020  00000014  0000000c  RWIX
  EPWM1                 00006800   00000040  00000040  00000000  RWIX
  EPWM2                 00006840   00000040  00000040  00000000  RWIX
  EPWM3                 00006880   00000040  00000040  00000000  RWIX
  EPWM4                 000068c0   00000040  00000040  00000000  RWIX
  EPWM5                 00006900   00000040  00000040  00000000  RWIX
  EPWM6                 00006940   00000040  00000040  00000000  RWIX
  EPWM7                 00006980   00000040  00000040  00000000  RWIX
  EPWM8                 000069c0   00000040  00000040  00000000  RWIX
  ECAP1                 00006a00   00000020  00000020  00000000  RWIX
  ECAP2                 00006a20   00000020  00000020  00000000  RWIX
  ECAP3                 00006a40   00000020  00000020  00000000  RWIX
  HRCAP1                00006ac0   00000020  00000020  00000000  RWIX
  HRCAP2                00006ae0   00000020  00000020  00000000  RWIX
  EQEP1                 00006b00   00000040  00000022  0000001e  RWIX
  EQEP2                 00006b40   00000040  00000022  0000001e  RWIX
  HRCAP3                00006c80   00000020  00000020  00000000  RWIX
  HRCAP4                00006ca0   00000020  00000020  00000000  RWIX
  GPIOCTRL              00006f80   00000040  00000040  00000000  RWIX
  GPIODAT               00006fc0   00000020  00000020  00000000  RWIX
  GPIOINT               00006fe0   00000020  00000020  00000000  RWIX
  SYSTEM                00007010   00000030  00000030  00000000  RWIX
  SPIA                  00007040   00000010  00000010  00000000  RWIX
  SCIA                  00007050   00000010  00000010  00000000  RWIX
  NMIINTRUPT            00007060   00000010  00000010  00000000  RWIX
  XINTRUPT              00007070   00000010  00000010  00000000  RWIX
  ADC                   00007100   00000080  00000050  00000030  RWIX
  SPIB                  00007740   00000010  00000010  00000000  RWIX
  SCIB                  00007750   00000010  00000010  00000000  RWIX
  I2CA                  00007900   00000040  00000022  0000001e  RWIX
  RAML4                 0000a000   00002000  00000472  00001b8e  RWIX
  RAML5                 0000c000   00002000  00000000  00002000  RWIX
  RAML6                 0000e000   00002000  00000000  00002000  RWIX
  RAML7                 00010000   00002000  00000000  00002000  RWIX
  RAML8                 00012000   00002000  00000000  00002000  RWIX
  USB_RAM               00040000   00000800  00000000  00000800  RWIX
  PARTID                003d7e80   00000001  00000001  00000000  RWIX
  CSM_PWL               003f7ff8   00000008  00000008  00000000  RWIX


SECTION ALLOCATION MAP

 output                                  attributes/
section   page    origin      length       input sections
--------  ----  ----------  ----------   ----------------
codestart 
*          0    00000000    00000002     
                  00000000    00000002     F2806x_CodeStartBranch.obj (codestart)

.cinit     0    00000050    0000034e     
                  00000050    00000338     Example_2806xEPwmUpAQ.obj (.cinit)
                  00000388    0000000a     rts2800_fpu32.lib : exit.obj (.cinit)
                  00000392    00000005                       : _lock.obj (.cinit:__lock)
                  00000397    00000005                       : _lock.obj (.cinit:__unlock)
                  0000039c    00000002     --HOLE-- [fill = 0]

ramfuncs   0    0000039e    00000004     
                  0000039e    00000004     F2806x_usDelay.obj (ramfuncs)

.text      0    00008000    00000cca     
                  00008000    0000039b     F2806x_DefaultIsr.obj (.text:retain)
                  0000839b    000002cc     Example_2806xEPwmUpAQ.obj (.text)
                  00008667    0000023c     F2806x_Adc.obj (.text)
                  000088a3    0000018c     F2806x_SysCtrl.obj (.text)
                  00008a2f    000000d8     F2806x_EPwm.obj (.text)
                  00008b07    000000af     Example_2806xEPwmUpAQ.obj (.text:retain)
                  00008bb6    00000046     rts2800_fpu32.lib : boot.obj (.text)
                  00008bfc    00000028     F2806x_PieCtrl.obj (.text)
                  00008c24    00000028     F2806x_PieVect.obj (.text)
                  00008c4c    00000022     rts2800_fpu32.lib : i_div.obj (.text)
                  00008c6e    00000019                       : args_main.obj (.text)
                  00008c87    00000019                       : exit.obj (.text)
                  00008ca0    00000019     rts2800_fpu32_fast_supplement.lib : div_f32.obj (.text)
                  00008cb9    00000009     rts2800_fpu32.lib : _lock.obj (.text)
                  00008cc2    00000008     F2806x_CodeStartBranch.obj (.text)

.pinit     0    00000050    00000000     UNINITIALIZED

.reset     0    003fffc0    00000002     DSECT
                  003fffc0    00000002     rts2800_fpu32.lib : boot.obj (.reset)

.stack     1    00000400    00000200     UNINITIALIZED
                  00000400    00000200     --HOLE--

DevEmuRegsFile 
*          1    00000880    00000004     UNINITIALIZED
                  00000880    00000004     F2806x_GlobalVariableDefs.obj (DevEmuRegsFile)

SysPwrCtrlRegsFile 
*          1    00000985    00000003     UNINITIALIZED
                  00000985    00000003     F2806x_GlobalVariableDefs.obj (SysPwrCtrlRegsFile)

FlashRegsFile 
*          1    00000a80    00000008     UNINITIALIZED
                  00000a80    00000008     F2806x_GlobalVariableDefs.obj (FlashRegsFile)

CsmRegsFile 
*          1    00000ae0    00000010     UNINITIALIZED
                  00000ae0    00000010     F2806x_GlobalVariableDefs.obj (CsmRegsFile)

AdcResultFile 
*          1    00000b00    00000010     UNINITIALIZED
                  00000b00    00000010     F2806x_GlobalVariableDefs.obj (AdcResultFile)

CpuTimer0RegsFile 
*          1    00000c00    00000008     UNINITIALIZED
                  00000c00    00000008     F2806x_GlobalVariableDefs.obj (CpuTimer0RegsFile)

CpuTimer1RegsFile 
*          1    00000c08    00000008     UNINITIALIZED
                  00000c08    00000008     F2806x_GlobalVariableDefs.obj (CpuTimer1RegsFile)

CpuTimer2RegsFile 
*          1    00000c10    00000008     UNINITIALIZED
                  00000c10    00000008     F2806x_GlobalVariableDefs.obj (CpuTimer2RegsFile)

PieCtrlRegsFile 
*          1    00000ce0    0000001a     UNINITIALIZED
                  00000ce0    0000001a     F2806x_GlobalVariableDefs.obj (PieCtrlRegsFile)

PieVectTableFile 
*          1    00000d00    00000100     UNINITIALIZED
                  00000d00    00000100     F2806x_GlobalVariableDefs.obj (PieVectTableFile)

EmuKeyVar 
*          1    00000d00    00000001     UNINITIALIZED
                  00000d00    00000001     F2806x_GlobalVariableDefs.obj (EmuKeyVar)

EmuBModeVar 
*          1    00000d01    00000001     UNINITIALIZED
                  00000d01    00000001     F2806x_GlobalVariableDefs.obj (EmuBModeVar)

FlashCallbackVar 
*          1    00000d02    00000002     UNINITIALIZED
                  00000d02    00000002     F2806x_GlobalVariableDefs.obj (FlashCallbackVar)

FlashScalingVar 
*          1    00000d04    00000002     UNINITIALIZED
                  00000d04    00000002     F2806x_GlobalVariableDefs.obj (FlashScalingVar)

DmaRegsFile 
*          1    00001000    000000e0     UNINITIALIZED
                  00001000    000000e0     F2806x_GlobalVariableDefs.obj (DmaRegsFile)

Cla1RegsFile 
*          1    00001400    00000040     UNINITIALIZED
                  00001400    00000040     F2806x_GlobalVariableDefs.obj (Cla1RegsFile)

Usb0RegsFile 
*          1    00004000    00000454     UNINITIALIZED
                  00004000    00000454     F2806x_GlobalVariableDefs.obj (Usb0RegsFile)

McbspaRegsFile 
*          1    00005000    00000024     UNINITIALIZED
                  00005000    00000024     F2806x_GlobalVariableDefs.obj (McbspaRegsFile)

ECanaRegsFile 
*          1    00006000    00000034     UNINITIALIZED
                  00006000    00000034     F2806x_GlobalVariableDefs.obj (ECanaRegsFile)

ECanaLAMRegsFile 
*          1    00006040    00000040     UNINITIALIZED
                  00006040    00000040     F2806x_GlobalVariableDefs.obj (ECanaLAMRegsFile)

ECanaMOTSRegsFile 
*          1    00006080    00000040     UNINITIALIZED
                  00006080    00000040     F2806x_GlobalVariableDefs.obj (ECanaMOTSRegsFile)

ECanaMOTORegsFile 
*          1    000060c0    00000040     UNINITIALIZED
                  000060c0    00000040     F2806x_GlobalVariableDefs.obj (ECanaMOTORegsFile)

ECanaMboxesFile 
*          1    00006100    00000100     UNINITIALIZED
                  00006100    00000100     F2806x_GlobalVariableDefs.obj (ECanaMboxesFile)

Comp1RegsFile 
*          1    00006400    00000014     UNINITIALIZED
                  00006400    00000014     F2806x_GlobalVariableDefs.obj (Comp1RegsFile)

Comp2RegsFile 
*          1    00006420    00000014     UNINITIALIZED
                  00006420    00000014     F2806x_GlobalVariableDefs.obj (Comp2RegsFile)

Comp3RegsFile 
*          1    00006440    00000014     UNINITIALIZED
                  00006440    00000014     F2806x_GlobalVariableDefs.obj (Comp3RegsFile)

EPwm1RegsFile 
*          1    00006800    00000040     UNINITIALIZED
                  00006800    00000040     F2806x_GlobalVariableDefs.obj (EPwm1RegsFile)

EPwm2RegsFile 
*          1    00006840    00000040     UNINITIALIZED
                  00006840    00000040     F2806x_GlobalVariableDefs.obj (EPwm2RegsFile)

EPwm3RegsFile 
*          1    00006880    00000040     UNINITIALIZED
                  00006880    00000040     F2806x_GlobalVariableDefs.obj (EPwm3RegsFile)

EPwm4RegsFile 
*          1    000068c0    00000040     UNINITIALIZED
                  000068c0    00000040     F2806x_GlobalVariableDefs.obj (EPwm4RegsFile)

EPwm5RegsFile 
*          1    00006900    00000040     UNINITIALIZED
                  00006900    00000040     F2806x_GlobalVariableDefs.obj (EPwm5RegsFile)

EPwm6RegsFile 
*          1    00006940    00000040     UNINITIALIZED
                  00006940    00000040     F2806x_GlobalVariableDefs.obj (EPwm6RegsFile)

EPwm7RegsFile 
*          1    00006980    00000040     UNINITIALIZED
                  00006980    00000040     F2806x_GlobalVariableDefs.obj (EPwm7RegsFile)

EPwm8RegsFile 
*          1    000069c0    00000040     UNINITIALIZED
                  000069c0    00000040     F2806x_GlobalVariableDefs.obj (EPwm8RegsFile)

ECap1RegsFile 
*          1    00006a00    00000020     UNINITIALIZED
                  00006a00    00000020     F2806x_GlobalVariableDefs.obj (ECap1RegsFile)

ECap2RegsFile 
*          1    00006a20    00000020     UNINITIALIZED
                  00006a20    00000020     F2806x_GlobalVariableDefs.obj (ECap2RegsFile)

ECap3RegsFile 
*          1    00006a40    00000020     UNINITIALIZED
                  00006a40    00000020     F2806x_GlobalVariableDefs.obj (ECap3RegsFile)

HRCap1RegsFile 
*          1    00006ac0    00000020     UNINITIALIZED
                  00006ac0    00000020     F2806x_GlobalVariableDefs.obj (HRCap1RegsFile)

HRCap2RegsFile 
*          1    00006ae0    00000020     UNINITIALIZED
                  00006ae0    00000020     F2806x_GlobalVariableDefs.obj (HRCap2RegsFile)

EQep1RegsFile 
*          1    00006b00    00000022     UNINITIALIZED
                  00006b00    00000022     F2806x_GlobalVariableDefs.obj (EQep1RegsFile)

EQep2RegsFile 
*          1    00006b40    00000022     UNINITIALIZED
                  00006b40    00000022     F2806x_GlobalVariableDefs.obj (EQep2RegsFile)

HRCap3RegsFile 
*          1    00006c80    00000020     UNINITIALIZED
                  00006c80    00000020     F2806x_GlobalVariableDefs.obj (HRCap3RegsFile)

HRCap4RegsFile 
*          1    00006ca0    00000020     UNINITIALIZED
                  00006ca0    00000020     F2806x_GlobalVariableDefs.obj (HRCap4RegsFile)

GpioCtrlRegsFile 
*          1    00006f80    00000040     UNINITIALIZED
                  00006f80    00000040     F2806x_GlobalVariableDefs.obj (GpioCtrlRegsFile)

GpioDataRegsFile 
*          1    00006fc0    00000020     UNINITIALIZED
                  00006fc0    00000020     F2806x_GlobalVariableDefs.obj (GpioDataRegsFile)

GpioIntRegsFile 
*          1    00006fe0    00000020     UNINITIALIZED
                  00006fe0    00000020     F2806x_GlobalVariableDefs.obj (GpioIntRegsFile)

SysCtrlRegsFile 
*          1    00007010    00000030     UNINITIALIZED
                  00007010    00000030     F2806x_GlobalVariableDefs.obj (SysCtrlRegsFile)

SpiaRegsFile 
*          1    00007040    00000010     UNINITIALIZED
                  00007040    00000010     F2806x_GlobalVariableDefs.obj (SpiaRegsFile)

SciaRegsFile 
*          1    00007050    00000010     UNINITIALIZED
                  00007050    00000010     F2806x_GlobalVariableDefs.obj (SciaRegsFile)

NmiIntruptRegsFile 
*          1    00007060    00000010     UNINITIALIZED
                  00007060    00000010     F2806x_GlobalVariableDefs.obj (NmiIntruptRegsFile)

XIntruptRegsFile 
*          1    00007070    00000010     UNINITIALIZED
                  00007070    00000010     F2806x_GlobalVariableDefs.obj (XIntruptRegsFile)

AdcRegsFile 
*          1    00007100    00000050     UNINITIALIZED
                  00007100    00000050     F2806x_GlobalVariableDefs.obj (AdcRegsFile)

SpibRegsFile 
*          1    00007740    00000010     UNINITIALIZED
                  00007740    00000010     F2806x_GlobalVariableDefs.obj (SpibRegsFile)

ScibRegsFile 
*          1    00007750    00000010     UNINITIALIZED
                  00007750    00000010     F2806x_GlobalVariableDefs.obj (ScibRegsFile)

I2caRegsFile 
*          1    00007900    00000022     UNINITIALIZED
                  00007900    00000022     F2806x_GlobalVariableDefs.obj (I2caRegsFile)

.ebss      1    0000a000    00000372     UNINITIALIZED
                  0000a000    00000351     Example_2806xEPwmUpAQ.obj (.ebss)
                  0000a351    00000001     --HOLE--
                  0000a352    00000018     F2806x_CpuTimers.obj (.ebss)
                  0000a36a    00000004     rts2800_fpu32.lib : exit.obj (.ebss)
                  0000a36e    00000002                       : _lock.obj (.ebss:__lock)
                  0000a370    00000002                       : _lock.obj (.ebss:__unlock)

.econst    1    0000a372    00000100     
                  0000a372    00000100     F2806x_PieVect.obj (.econst)

PartIdRegsFile 
*          1    003d7e80    00000001     UNINITIALIZED
                  003d7e80    00000001     F2806x_GlobalVariableDefs.obj (PartIdRegsFile)

CsmPwlFile 
*          1    003f7ff8    00000008     UNINITIALIZED
                  003f7ff8    00000008     F2806x_GlobalVariableDefs.obj (CsmPwlFile)


GLOBAL DATA SYMBOLS: SORTED BY DATA PAGE

address     data page           name
--------    ----------------    ----
00000400      10 (00000400)     __stack

00000880      22 (00000880)     _DevEmuRegs

00000985      26 (00000980)     _SysPwrCtrlRegs

00000a80      2a (00000a80)     _FlashRegs

00000ae0      2b (00000ac0)     _CsmRegs

00000b00      2c (00000b00)     _AdcResult

00000c00      30 (00000c00)     _CpuTimer0Regs
00000c08      30 (00000c00)     _CpuTimer1Regs
00000c10      30 (00000c00)     _CpuTimer2Regs

00000ce0      33 (00000cc0)     _PieCtrlRegs

00000d00      34 (00000d00)     _EmuKey
00000d00      34 (00000d00)     _PieVectTable
00000d01      34 (00000d00)     _EmuBMode
00000d02      34 (00000d00)     _Flash_CallbackPtr
00000d04      34 (00000d00)     _Flash_CPUScaleFactor

00001000      40 (00001000)     _DmaRegs

00001400      50 (00001400)     _Cla1Regs

00004000     100 (00004000)     _Usb0Regs

00005000     140 (00005000)     _McbspaRegs

00006000     180 (00006000)     _ECanaRegs

00006040     181 (00006040)     _ECanaLAMRegs

00006080     182 (00006080)     _ECanaMOTSRegs

000060c0     183 (000060c0)     _ECanaMOTORegs

00006100     184 (00006100)     _ECanaMboxes

00006400     190 (00006400)     _Comp1Regs
00006420     190 (00006400)     _Comp2Regs

00006440     191 (00006440)     _Comp3Regs

00006800     1a0 (00006800)     _EPwm1Regs

00006840     1a1 (00006840)     _EPwm2Regs

00006880     1a2 (00006880)     _EPwm3Regs

000068c0     1a3 (000068c0)     _EPwm4Regs

00006900     1a4 (00006900)     _EPwm5Regs

00006940     1a5 (00006940)     _EPwm6Regs

00006980     1a6 (00006980)     _EPwm7Regs

000069c0     1a7 (000069c0)     _EPwm8Regs

00006a00     1a8 (00006a00)     _ECap1Regs
00006a20     1a8 (00006a00)     _ECap2Regs

00006a40     1a9 (00006a40)     _ECap3Regs

00006ac0     1ab (00006ac0)     _HRCap1Regs
00006ae0     1ab (00006ac0)     _HRCap2Regs

00006b00     1ac (00006b00)     _EQep1Regs

00006b40     1ad (00006b40)     _EQep2Regs

00006c80     1b2 (00006c80)     _HRCap3Regs
00006ca0     1b2 (00006c80)     _HRCap4Regs

00006f80     1be (00006f80)     _GpioCtrlRegs

00006fc0     1bf (00006fc0)     _GpioDataRegs
00006fe0     1bf (00006fc0)     _GpioIntRegs

00007010     1c0 (00007000)     _SysCtrlRegs

00007040     1c1 (00007040)     _SpiaRegs
00007050     1c1 (00007040)     _SciaRegs
00007060     1c1 (00007040)     _NmiIntruptRegs
00007070     1c1 (00007040)     _XIntruptRegs

00007100     1c4 (00007100)     _AdcRegs

00007740     1dd (00007740)     _SpibRegs
00007750     1dd (00007740)     _ScibRegs

00007900     1e4 (00007900)     _I2caRegs

0000a000     280 (0000a000)     _CoSPointer
0000a001     280 (0000a000)     _WAVETickeer
0000a002     280 (0000a000)     _PWMMapping
0000a003     280 (0000a000)     _SinPointer
0000a004     280 (0000a000)     _analogRead_F
0000a005     280 (0000a000)     _MaxWaveFreq_I
0000a006     280 (0000a000)     _ArrayPinter
0000a007     280 (0000a000)     _wholeNum
0000a008     280 (0000a000)     _SinCos_TICKER
0000a009     280 (0000a000)     _UpdateStep_Size
0000a00a     280 (0000a000)     _x
0000a00b     280 (0000a000)     _StepSize_i
0000a00c     280 (0000a000)     _FloatToInt_i
0000a00d     280 (0000a000)     _PWMOffsetPerC
0000a00e     280 (0000a000)     _OffsetPot
0000a010     280 (0000a000)     _WavePerStepSize_f
0000a012     280 (0000a000)     _Remainder
0000a014     280 (0000a000)     _Max_SinF
0000a016     280 (0000a000)     _Delata_f
0000a018     280 (0000a000)     _PotRead_I
0000a01a     280 (0000a000)     _MaxPWM_Perc_F
0000a01c     280 (0000a000)     _VoltageSetpoint_F
0000a01e     280 (0000a000)     _WaveStepSize_f
0000a020     280 (0000a000)     _epwm1_info
0000a030     280 (0000a000)     _epwm3_info

0000a040     281 (0000a040)     _epwm2_info

0000a080     282 (0000a080)     _Sin_CosP90values

0000a352     28d (0000a340)     _CpuTimer1
0000a35a     28d (0000a340)     _CpuTimer2
0000a362     28d (0000a340)     _CpuTimer0
0000a36a     28d (0000a340)     ___TI_cleanup_ptr
0000a36c     28d (0000a340)     ___TI_dtors_ptr
0000a36e     28d (0000a340)     __lock
0000a370     28d (0000a340)     __unlock
0000a372     28d (0000a340)     _PieVectTableInit

003d7e80    f5fa (003d7e80)     _PartIdRegs

003f7ff8    fdff (003f7fc0)     _CsmPwl


GLOBAL SYMBOLS: SORTED ALPHABETICALLY BY Name 

page  address   name                 
----  -------   ----                 
0     00008000  .text                
0     00008c87  C$$EXIT              
0     00008ca0  FS$$DIV              
0     00008c4c  I$$DIV               
0     00008c5d  I$$MOD               
0     000080be  _ADCINT1_ISR         
0     000080c8  _ADCINT2_ISR         
0     000082d0  _ADCINT3_ISR         
0     000082da  _ADCINT4_ISR         
0     000082e4  _ADCINT5_ISR         
0     000082ee  _ADCINT6_ISR         
0     000082f8  _ADCINT7_ISR         
0     00008302  _ADCINT8_ISR         
0     000080e6  _ADCINT9_ISR         
0     000086db  _AdcChanSelect       
0     00008750  _AdcConversion       
0     000086b4  _AdcOffsetSelfCal    
1     00007100  _AdcRegs             
1     00000b00  _AdcResult           
1     0000a006  _ArrayPinter         
0     0000830c  _CLA1_INT1_ISR       
0     00008316  _CLA1_INT2_ISR       
0     00008320  _CLA1_INT3_ISR       
0     0000832a  _CLA1_INT4_ISR       
0     00008334  _CLA1_INT5_ISR       
0     0000833e  _CLA1_INT6_ISR       
0     00008348  _CLA1_INT7_ISR       
0     00008352  _CLA1_INT8_ISR       
1     00001400  _Cla1Regs            
1     0000a000  _CoSPointer          
1     00006400  _Comp1Regs           
1     00006420  _Comp2Regs           
1     00006440  _Comp3Regs           
1     0000a362  _CpuTimer0           
1     00000c00  _CpuTimer0Regs       
1     0000a352  _CpuTimer1           
1     00000c08  _CpuTimer1Regs       
1     0000a35a  _CpuTimer2           
1     00000c10  _CpuTimer2Regs       
1     003f7ff8  _CsmPwl              
1     00000ae0  _CsmRegs             
0     000089a8  _CsmUnlock           
0     00008014  _DATALOG_ISR         
0     00008244  _DINTCH1_ISR         
0     0000824e  _DINTCH2_ISR         
0     00008258  _DINTCH3_ISR         
0     00008262  _DINTCH4_ISR         
0     0000826c  _DINTCH5_ISR         
0     00008276  _DINTCH6_ISR         
0     0000039e  _DSP28x_usDelay      
1     0000a016  _Delata_f            
1     00000880  _DevEmuRegs          
0     000088c7  _DisableDog          
1     00001000  _DmaRegs             
0     000082bc  _ECAN0INTA_ISR       
0     000082c6  _ECAN1INTA_ISR       
0     000081a4  _ECAP1_INT_ISR       
0     000081ae  _ECAP2_INT_ISR       
0     000081b8  _ECAP3_INT_ISR       
1     00006040  _ECanaLAMRegs        
1     000060c0  _ECanaMOTORegs       
1     00006080  _ECanaMOTSRegs       
1     00006100  _ECanaMboxes         
1     00006000  _ECanaRegs           
1     00006a00  _ECap1Regs           
1     00006a20  _ECap2Regs           
1     00006a40  _ECap3Regs           
0     0000837a  _EMPTY_ISR           
0     00008028  _EMUINT_ISR          
0     00008154  _EPWM1_INT_ISR       
0     00008104  _EPWM1_TZINT_ISR     
0     0000815e  _EPWM2_INT_ISR       
0     0000810e  _EPWM2_TZINT_ISR     
0     00008168  _EPWM3_INT_ISR       
0     00008118  _EPWM3_TZINT_ISR     
0     00008172  _EPWM4_INT_ISR       
0     00008122  _EPWM4_TZINT_ISR     
0     0000817c  _EPWM5_INT_ISR       
0     0000812c  _EPWM5_TZINT_ISR     
0     00008186  _EPWM6_INT_ISR       
0     00008136  _EPWM6_TZINT_ISR     
0     00008190  _EPWM7_INT_ISR       
0     00008140  _EPWM7_TZINT_ISR     
0     0000819a  _EPWM8_INT_ISR       
0     0000814a  _EPWM8_TZINT_ISR     
1     00006800  _EPwm1Regs           
1     00006840  _EPwm2Regs           
1     00006880  _EPwm3Regs           
1     000068c0  _EPwm4Regs           
1     00006900  _EPwm5Regs           
1     00006940  _EPwm6Regs           
1     00006980  _EPwm7Regs           
1     000069c0  _EPwm8Regs           
0     000081d6  _EQEP1_INT_ISR       
0     000081e0  _EQEP2_INT_ISR       
1     00006b00  _EQep1Regs           
1     00006b40  _EQep2Regs           
1     00000d01  _EmuBMode            
1     00000d00  _EmuKey              
0     00008c1b  _EnableInterrupts    
0     00008a19  _ExtOscSel           
1     00000a80  _FlashRegs           
1     00000d04  _Flash_CPUScaleFactor
1     00000d02  _Flash_CallbackPtr   
1     0000a00c  _FloatToInt_i        
1     00006f80  _GpioCtrlRegs        
1     00006fc0  _GpioDataRegs        
1     00006fe0  _GpioIntRegs         
0     000081c2  _HRCAP1_INT_ISR      
0     000081cc  _HRCAP2_INT_ISR      
0     000081ea  _HRCAP3_INT_ISR      
0     000081f4  _HRCAP4_INT_ISR      
1     00006ac0  _HRCap1Regs          
1     00006ae0  _HRCap2Regs          
1     00006c80  _HRCap3Regs          
1     00006ca0  _HRCap4Regs          
0     00008280  _I2CINT1A_ISR        
0     0000828a  _I2CINT2A_ISR        
1     00007900  _I2caRegs            
0     0000803c  _ILLEGAL_ISR         
0     00008000  _INT13_ISR           
0     0000800a  _INT14_ISR           
0     00008667  _InitAdc             
0     00008692  _InitAdcAio          
0     00008a2f  _InitEPwm            
0     0000849d  _InitEPwm1Example    
0     00008a41  _InitEPwm1Gpio       
0     000084eb  _InitEPwm2Example    
0     00008a53  _InitEPwm2Gpio       
0     0000853a  _InitEPwm3Example    
0     00008a65  _InitEPwm3Gpio       
0     00008a79  _InitEPwm4Gpio       
0     00008a8d  _InitEPwm5Gpio       
0     00008a9f  _InitEPwm6Gpio       
0     00008ab1  _InitEPwm7Gpio       
0     00008ac3  _InitEPwm8Gpio       
0     00008a30  _InitEPwmGpio        
0     00008ad5  _InitEPwmSyncGpio    
0     00008952  _InitPeripheralClocks
0     00008bfc  _InitPieCtrl         
0     00008c24  _InitPieVectTable    
0     000088cf  _InitPll             
0     00008924  _InitPll2            
0     000088a3  _InitSysCtrl         
0     00008ae6  _InitTzGpio          
0     000089d9  _IntOsc1Sel          
0     000089e9  _IntOsc2Sel          
0     00008370  _LUF_ISR             
0     00008366  _LVF_ISR             
0     00008230  _MRINTA_ISR          
0     0000823a  _MXINTA_ISR          
1     0000a01a  _MaxPWM_Perc_F       
1     0000a005  _MaxWaveFreq_I       
1     0000a014  _Max_SinF            
1     00005000  _McbspaRegs          
0     00008032  _NMI_ISR             
1     00007060  _NmiIntruptRegs      
1     0000a00e  _OffsetPot           
0     00008387  _PIE_RESERVED        
1     0000a002  _PWMMapping          
1     0000a00d  _PWMOffsetPerC       
1     003d7e80  _PartIdRegs          
1     00000ce0  _PieCtrlRegs         
1     00000d00  _PieVectTable        
1     0000a372  _PieVectTableInit    
1     0000a018  _PotRead_I           
0     0000801e  _RTOSINT_ISR         
1     0000a012  _Remainder           
0     00008294  _SCIRXINTA_ISR       
0     000082a8  _SCIRXINTB_ISR       
0     0000829e  _SCITXINTA_ISR       
0     000082b2  _SCITXINTB_ISR       
0     00008208  _SPIRXINTA_ISR       
0     0000821c  _SPIRXINTB_ISR       
0     00008212  _SPITXINTA_ISR       
0     00008226  _SPITXINTB_ISR       
1     00007050  _SciaRegs            
1     00007750  _ScibRegs            
0     000088bd  _ServiceDog          
1     0000a008  _SinCos_TICKER       
1     0000a003  _SinPointer          
1     0000a080  _Sin_CosP90values    
1     00007040  _SpiaRegs            
1     00007740  _SpibRegs            
1     0000a00b  _StepSize_i          
1     00007010  _SysCtrlRegs         
1     00000985  _SysPwrCtrlRegs      
0     000080f0  _TINT0_ISR           
0     000081fe  _USB0_INT_ISR        
0     000080a0  _USER10_ISR          
0     000080aa  _USER11_ISR          
0     000080b4  _USER12_ISR          
0     00008046  _USER1_ISR           
0     00008050  _USER2_ISR           
0     0000805a  _USER3_ISR           
0     00008064  _USER4_ISR           
0     0000806e  _USER5_ISR           
0     00008078  _USER6_ISR           
0     00008082  _USER7_ISR           
0     0000808c  _USER8_ISR           
0     00008096  _USER9_ISR           
1     0000a009  _UpdateStep_Size     
1     00004000  _Usb0Regs            
1     0000a01c  _VoltageSetpoint_F   
0     000080fa  _WAKEINT_ISR         
1     0000a001  _WAVETickeer         
1     0000a010  _WavePerStepSize_f   
1     0000a01e  _WaveStepSize_f      
0     000080d2  _XINT1_ISR           
0     000080dc  _XINT2_ISR           
0     0000835c  _XINT3_ISR           
1     00007070  _XIntruptRegs        
0     000089fd  _XtalOscSel          
1     00000600  __STACK_END          
abs   00000200  __STACK_SIZE         
1     0000a36a  ___TI_cleanup_ptr    
1     0000a36c  ___TI_dtors_ptr      
abs   ffffffff  ___binit__           
abs   ffffffff  ___c_args__          
0     00000050  ___cinit__           
0     00008cca  ___etext__           
abs   ffffffff  ___pinit__           
0     00008000  ___text__            
0     00008c6e  __args_main          
1     0000a36e  __lock               
0     00008cc1  __nop                
0     00008cbd  __register_lock      
0     00008cb9  __register_unlock    
1     00000400  __stack              
1     0000a370  __unlock             
0     00008c87  _abort               
1     0000a004  _analogRead_F        
0     00008bb6  _c_int00             
1     0000a020  _epwm1_info          
0     00008b07  _epwm1_isr           
1     0000a040  _epwm2_info          
1     0000a030  _epwm3_info          
0     00008c89  _exit                
0     0000839b  _main                
0     00008643  _map                 
0     00008391  _rsvd_ISR            
0     00008581  _update_compare      
1     0000a007  _wholeNum            
1     0000a00a  _x                   
abs   ffffffff  binit                
0     00000050  cinit                
0     00000000  code_start           
0     00008cca  etext                
abs   ffffffff  pinit                


GLOBAL SYMBOLS: SORTED BY Symbol Address 

page  address   name                 
----  -------   ----                 
0     00000000  code_start           
0     00000050  ___cinit__           
0     00000050  cinit                
0     0000039e  _DSP28x_usDelay      
0     00008000  .text                
0     00008000  _INT13_ISR           
0     00008000  ___text__            
0     0000800a  _INT14_ISR           
0     00008014  _DATALOG_ISR         
0     0000801e  _RTOSINT_ISR         
0     00008028  _EMUINT_ISR          
0     00008032  _NMI_ISR             
0     0000803c  _ILLEGAL_ISR         
0     00008046  _USER1_ISR           
0     00008050  _USER2_ISR           
0     0000805a  _USER3_ISR           
0     00008064  _USER4_ISR           
0     0000806e  _USER5_ISR           
0     00008078  _USER6_ISR           
0     00008082  _USER7_ISR           
0     0000808c  _USER8_ISR           
0     00008096  _USER9_ISR           
0     000080a0  _USER10_ISR          
0     000080aa  _USER11_ISR          
0     000080b4  _USER12_ISR          
0     000080be  _ADCINT1_ISR         
0     000080c8  _ADCINT2_ISR         
0     000080d2  _XINT1_ISR           
0     000080dc  _XINT2_ISR           
0     000080e6  _ADCINT9_ISR         
0     000080f0  _TINT0_ISR           
0     000080fa  _WAKEINT_ISR         
0     00008104  _EPWM1_TZINT_ISR     
0     0000810e  _EPWM2_TZINT_ISR     
0     00008118  _EPWM3_TZINT_ISR     
0     00008122  _EPWM4_TZINT_ISR     
0     0000812c  _EPWM5_TZINT_ISR     
0     00008136  _EPWM6_TZINT_ISR     
0     00008140  _EPWM7_TZINT_ISR     
0     0000814a  _EPWM8_TZINT_ISR     
0     00008154  _EPWM1_INT_ISR       
0     0000815e  _EPWM2_INT_ISR       
0     00008168  _EPWM3_INT_ISR       
0     00008172  _EPWM4_INT_ISR       
0     0000817c  _EPWM5_INT_ISR       
0     00008186  _EPWM6_INT_ISR       
0     00008190  _EPWM7_INT_ISR       
0     0000819a  _EPWM8_INT_ISR       
0     000081a4  _ECAP1_INT_ISR       
0     000081ae  _ECAP2_INT_ISR       
0     000081b8  _ECAP3_INT_ISR       
0     000081c2  _HRCAP1_INT_ISR      
0     000081cc  _HRCAP2_INT_ISR      
0     000081d6  _EQEP1_INT_ISR       
0     000081e0  _EQEP2_INT_ISR       
0     000081ea  _HRCAP3_INT_ISR      
0     000081f4  _HRCAP4_INT_ISR      
0     000081fe  _USB0_INT_ISR        
0     00008208  _SPIRXINTA_ISR       
0     00008212  _SPITXINTA_ISR       
0     0000821c  _SPIRXINTB_ISR       
0     00008226  _SPITXINTB_ISR       
0     00008230  _MRINTA_ISR          
0     0000823a  _MXINTA_ISR          
0     00008244  _DINTCH1_ISR         
0     0000824e  _DINTCH2_ISR         
0     00008258  _DINTCH3_ISR         
0     00008262  _DINTCH4_ISR         
0     0000826c  _DINTCH5_ISR         
0     00008276  _DINTCH6_ISR         
0     00008280  _I2CINT1A_ISR        
0     0000828a  _I2CINT2A_ISR        
0     00008294  _SCIRXINTA_ISR       
0     0000829e  _SCITXINTA_ISR       
0     000082a8  _SCIRXINTB_ISR       
0     000082b2  _SCITXINTB_ISR       
0     000082bc  _ECAN0INTA_ISR       
0     000082c6  _ECAN1INTA_ISR       
0     000082d0  _ADCINT3_ISR         
0     000082da  _ADCINT4_ISR         
0     000082e4  _ADCINT5_ISR         
0     000082ee  _ADCINT6_ISR         
0     000082f8  _ADCINT7_ISR         
0     00008302  _ADCINT8_ISR         
0     0000830c  _CLA1_INT1_ISR       
0     00008316  _CLA1_INT2_ISR       
0     00008320  _CLA1_INT3_ISR       
0     0000832a  _CLA1_INT4_ISR       
0     00008334  _CLA1_INT5_ISR       
0     0000833e  _CLA1_INT6_ISR       
0     00008348  _CLA1_INT7_ISR       
0     00008352  _CLA1_INT8_ISR       
0     0000835c  _XINT3_ISR           
0     00008366  _LVF_ISR             
0     00008370  _LUF_ISR             
0     0000837a  _EMPTY_ISR           
0     00008387  _PIE_RESERVED        
0     00008391  _rsvd_ISR            
0     0000839b  _main                
0     0000849d  _InitEPwm1Example    
0     000084eb  _InitEPwm2Example    
0     0000853a  _InitEPwm3Example    
0     00008581  _update_compare      
0     00008643  _map                 
0     00008667  _InitAdc             
0     00008692  _InitAdcAio          
0     000086b4  _AdcOffsetSelfCal    
0     000086db  _AdcChanSelect       
0     00008750  _AdcConversion       
0     000088a3  _InitSysCtrl         
0     000088bd  _ServiceDog          
0     000088c7  _DisableDog          
0     000088cf  _InitPll             
0     00008924  _InitPll2            
0     00008952  _InitPeripheralClocks
0     000089a8  _CsmUnlock           
0     000089d9  _IntOsc1Sel          
0     000089e9  _IntOsc2Sel          
0     000089fd  _XtalOscSel          
0     00008a19  _ExtOscSel           
0     00008a2f  _InitEPwm            
0     00008a30  _InitEPwmGpio        
0     00008a41  _InitEPwm1Gpio       
0     00008a53  _InitEPwm2Gpio       
0     00008a65  _InitEPwm3Gpio       
0     00008a79  _InitEPwm4Gpio       
0     00008a8d  _InitEPwm5Gpio       
0     00008a9f  _InitEPwm6Gpio       
0     00008ab1  _InitEPwm7Gpio       
0     00008ac3  _InitEPwm8Gpio       
0     00008ad5  _InitEPwmSyncGpio    
0     00008ae6  _InitTzGpio          
0     00008b07  _epwm1_isr           
0     00008bb6  _c_int00             
0     00008bfc  _InitPieCtrl         
0     00008c1b  _EnableInterrupts    
0     00008c24  _InitPieVectTable    
0     00008c4c  I$$DIV               
0     00008c5d  I$$MOD               
0     00008c6e  __args_main          
0     00008c87  C$$EXIT              
0     00008c87  _abort               
0     00008c89  _exit                
0     00008ca0  FS$$DIV              
0     00008cb9  __register_unlock    
0     00008cbd  __register_lock      
0     00008cc1  __nop                
0     00008cca  ___etext__           
0     00008cca  etext                
1     00000400  __stack              
1     00000600  __STACK_END          
1     00000880  _DevEmuRegs          
1     00000985  _SysPwrCtrlRegs      
1     00000a80  _FlashRegs           
1     00000ae0  _CsmRegs             
1     00000b00  _AdcResult           
1     00000c00  _CpuTimer0Regs       
1     00000c08  _CpuTimer1Regs       
1     00000c10  _CpuTimer2Regs       
1     00000ce0  _PieCtrlRegs         
1     00000d00  _EmuKey              
1     00000d00  _PieVectTable        
1     00000d01  _EmuBMode            
1     00000d02  _Flash_CallbackPtr   
1     00000d04  _Flash_CPUScaleFactor
1     00001000  _DmaRegs             
1     00001400  _Cla1Regs            
1     00004000  _Usb0Regs            
1     00005000  _McbspaRegs          
1     00006000  _ECanaRegs           
1     00006040  _ECanaLAMRegs        
1     00006080  _ECanaMOTSRegs       
1     000060c0  _ECanaMOTORegs       
1     00006100  _ECanaMboxes         
1     00006400  _Comp1Regs           
1     00006420  _Comp2Regs           
1     00006440  _Comp3Regs           
1     00006800  _EPwm1Regs           
1     00006840  _EPwm2Regs           
1     00006880  _EPwm3Regs           
1     000068c0  _EPwm4Regs           
1     00006900  _EPwm5Regs           
1     00006940  _EPwm6Regs           
1     00006980  _EPwm7Regs           
1     000069c0  _EPwm8Regs           
1     00006a00  _ECap1Regs           
1     00006a20  _ECap2Regs           
1     00006a40  _ECap3Regs           
1     00006ac0  _HRCap1Regs          
1     00006ae0  _HRCap2Regs          
1     00006b00  _EQep1Regs           
1     00006b40  _EQep2Regs           
1     00006c80  _HRCap3Regs          
1     00006ca0  _HRCap4Regs          
1     00006f80  _GpioCtrlRegs        
1     00006fc0  _GpioDataRegs        
1     00006fe0  _GpioIntRegs         
1     00007010  _SysCtrlRegs         
1     00007040  _SpiaRegs            
1     00007050  _SciaRegs            
1     00007060  _NmiIntruptRegs      
1     00007070  _XIntruptRegs        
1     00007100  _AdcRegs             
1     00007740  _SpibRegs            
1     00007750  _ScibRegs            
1     00007900  _I2caRegs            
1     0000a000  _CoSPointer          
1     0000a001  _WAVETickeer         
1     0000a002  _PWMMapping          
1     0000a003  _SinPointer          
1     0000a004  _analogRead_F        
1     0000a005  _MaxWaveFreq_I       
1     0000a006  _ArrayPinter         
1     0000a007  _wholeNum            
1     0000a008  _SinCos_TICKER       
1     0000a009  _UpdateStep_Size     
1     0000a00a  _x                   
1     0000a00b  _StepSize_i          
1     0000a00c  _FloatToInt_i        
1     0000a00d  _PWMOffsetPerC       
1     0000a00e  _OffsetPot           
1     0000a010  _WavePerStepSize_f   
1     0000a012  _Remainder           
1     0000a014  _Max_SinF            
1     0000a016  _Delata_f            
1     0000a018  _PotRead_I           
1     0000a01a  _MaxPWM_Perc_F       
1     0000a01c  _VoltageSetpoint_F   
1     0000a01e  _WaveStepSize_f      
1     0000a020  _epwm1_info          
1     0000a030  _epwm3_info          
1     0000a040  _epwm2_info          
1     0000a080  _Sin_CosP90values    
1     0000a352  _CpuTimer1           
1     0000a35a  _CpuTimer2           
1     0000a362  _CpuTimer0           
1     0000a36a  ___TI_cleanup_ptr    
1     0000a36c  ___TI_dtors_ptr      
1     0000a36e  __lock               
1     0000a370  __unlock             
1     0000a372  _PieVectTableInit    
1     003d7e80  _PartIdRegs          
1     003f7ff8  _CsmPwl              
abs   00000200  __STACK_SIZE         
abs   ffffffff  ___binit__           
abs   ffffffff  ___c_args__          
abs   ffffffff  ___pinit__           
abs   ffffffff  binit                
abs   ffffffff  pinit                

[249 symbols]
